15
20
20
15
failed pop
invalid instruction l
invalid instruction k
28
28
Successfully executed 6 instructions
|_ 28 _|
1 elements
